
> backend@1.0.0 build
> tsc

src/controllers/wishlist.controller.ts(46,17): error TS2322: Type 'string | string[]' is not assignable to type 'string | StringFilter<"WishlistItem"> | undefined'.
  Type 'string[]' is not assignable to type 'string | StringFilter<"WishlistItem"> | undefined'.
