node.exe : npm warn 
Unknown project 
config "public-hoist-
pattern". This will 
stop working in the 
next major version 
of npm.
At line:1 char:1
+ & "C:\Program Files
\nodejs/node.exe" 
"C:\Program 
Files\nodejs/node_mo 
...
+ ~~~~~~~~~~~~~~~~~~~
~~~~~~~~~~~~~~~~~~~~~
~~~~~~~~~~~~~~~~~~~~~
~~~~~~~~
    + CategoryInfo   
           : NotSpe  
  cified: (npm war   
 n Unknow...versi    
on of npm.:Strin    
g) [], RemoteExc    
eption
    + FullyQualified 
   ErrorId : Native  
  CommandError
 
npm warn Unknown 
project config "auto-
install-peers". This 
will stop working in 
the next major 
version of npm.
src/api/store/auth/otp/verify/route.ts(32,13): error TS2353: Object literal may only specify known properties, and 'phone' does not exist in type 'FilterableCustomerProps'.
src/api/store/payments/cod-check/route.ts(2,24): error TS2307: Cannot find module '../../../../../services/cod' or its corresponding type declarations.
src/modules/otp-auth/service.ts(51,20): error TS2769: No overload matches this call.
  Overload 1 of 2, '(data: { id?: string | undefined; is_verified?: boolean | undefined; phone?: string | undefined; otp?: string | undefined; attempts?: number | undefined; expires_at?: Date | undefined; }, ...rest: any[]): Promise<...>', gave the following error.
    Object literal may only specify known properties, and 'created_at' does not exist in type '{ id?: string | undefined; is_verified?: boolean | undefined; phone?: string | undefined; otp?: string | undefined; attempts?: number | undefined; expires_at?: Date | undefined; }'.
  Overload 2 of 2, '(data: { id?: string | undefined; is_verified?: boolean | undefined; phone?: string | undefined; otp?: string | undefined; attempts?: number | undefined; expires_at?: Date | undefined; }[], ...rest: any[]): Promise<...>', gave the following error.
    Object literal may only specify known properties, and 'phone' does not exist in type '{ id?: string | undefined; is_verified?: boolean | undefined; phone?: string | undefined; otp?: string | undefined; attempts?: number | undefined; expires_at?: Date | undefined; }[]'.
src/modules/vehicle-fitment/service.ts(132,26): error TS2345: Argument of type '{ id: string; product_id: string; variant: { id: string; model: { id: string; name: string; slug: string; make: { id: string; name: string; slug: string; logo_url: string | null; country: string | null; ... 4 more ...; deleted_at: Date | null; }; ... 6 more ...; make_id: string; }; ... 13 more ...; model_id: string;...' is not assignable to parameter of type 'never'.
